Downloading https://services.gradle.org/distributions/gradle-9.3.1-bin.zip
.............10%.............20%.............30%.............40%.............50%.............60%.............70%.............80%.............90%.............100%

Welcome to Gradle 9.3.1!

Here are the highlights of this release:
 - Test reporting improvements
 - Error and warning improvements
 - Build authoring improvements

For more details see https://docs.gradle.org/9.3.1/release-notes.html

To honour the JVM settings for this build a single-use Daemon process will be forked. For more on this, please refer to https://docs.gradle.org/9.3.1/userguide/gradle_daemon.html#sec:disabling_the_daemon in the Gradle documentation.
Daemon will be stopped at the end of the build 
No Android SDK found. Skipping Android module.
Compiling with localArc
Caught exception: Couldn't poll for events, error = 4
Error while receiving file changes
net.rubygrapefruit.platform.NativeException: Couldn't poll for events, error = 4
	at org.gradle.fileevents.internal.AbstractNativeFileEventFunctions$NativeFileWatcher.executeRunLoop0(Native Method)
	at org.gradle.fileevents.internal.AbstractNativeFileEventFunctions$NativeFileWatcher.executeRunLoop(AbstractNativeFileEventFunctions.java:32)
	at org.gradle.fileevents.internal.AbstractFileEventFunctions$AbstractFileWatcher$1.run(AbstractFileEventFunctions.java:154)

> Task :Arc:arc-core:compileJava
Note: Some input files use unchecked or unsafe operations.
Note: Recompile with -Xlint:unchecked for details.
Note: Some input files use unchecked or unsafe operations.
Note: Recompile with -Xlint:unchecked for details.

> Task :Arc:extensions:packer:compileJava

> Task :Arc:extensions:packer:processResources NO-SOURCE
> Task :Arc:extensions:packer:classes
> Task :Arc:extensions:packer:jar
> Task :Arc:arc-core:processResources NO-SOURCE
> Task :Arc:arc-core:classes
> Task :Arc:arc-core:jar

> Configure project :
Compiling with build: 'custom build'

> Configure project :desktop
Scheduling sprite packing.

> Task :annotations:clearCache
> Task :Arc:extensions:flabel:compileJava
> Task :Arc:extensions:fx:compileJava
> Task :Arc:extensions:g3d:compileJava
> Task :Arc:extensions:freetype:compileJava
> Task :Arc:extensions:arcnet:compileJava
> Task :Arc:natives:natives-filedialogs:compileJava NO-SOURCE
> Task :Arc:natives:natives-freetype-desktop:compileJava NO-SOURCE
> Task :Arc:natives:natives-desktop:compileJava NO-SOURCE
> Task :Arc:extensions:profiling:compileJava
> Task :Arc:extensions:filedialogs:compileJava
> Task :Arc:backends:backend-sdl:compileJava
> Task :Arc:extensions:discord:compileJava
> Task :Arc:backends:backend-headless:compileJava
> Task :annotations:compileJava
> Task :Arc:extensions:fx:processResources
> Task :Arc:extensions:fx:classes
> Task :core:clearCache
> Task :core:checkKotlinGradlePluginConfigurationErrors SKIPPED
> Task :Arc:extensions:fx:jar
> Task :Arc:extensions:freetype:processResources NO-SOURCE
> Task :Arc:extensions:freetype:classes
> Task :Arc:extensions:freetype:jar
> Task :Arc:natives:natives-desktop:processResources
> Task :Arc:natives:natives-desktop:classes
> Task :Arc:natives:natives-desktop:jar
> Task :Arc:backends:backend-headless:processResources NO-SOURCE
> Task :Arc:backends:backend-headless:classes
> Task :Arc:backends:backend-headless:jar
> Task :Arc:extensions:g3d:processResources NO-SOURCE
> Task :Arc:extensions:g3d:classes
> Task :Arc:extensions:g3d:jar
> Task :Arc:extensions:flabel:processResources NO-SOURCE
> Task :Arc:extensions:flabel:classes
> Task :Arc:extensions:flabel:jar
> Task :Arc:extensions:arcnet:processResources NO-SOURCE
> Task :Arc:extensions:arcnet:classes
> Task :Arc:extensions:arcnet:jar
> Task :Arc:natives:natives-freetype-desktop:processResources
> Task :Arc:natives:natives-freetype-desktop:classes
> Task :Arc:natives:natives-freetype-desktop:jar
> Task :Arc:extensions:profiling:processResources NO-SOURCE
> Task :Arc:extensions:profiling:classes
> Task :Arc:extensions:profiling:jar
> Task :annotations:processResources
> Task :annotations:classes
> Task :Arc:backends:backend-sdl:processResources
> Task :Arc:backends:backend-sdl:classes
> Task :annotations:jar
> Task :core:kaptGenerateStubsKotlin SKIPPED
> Task :Arc:backends:backend-sdl:jar
> Task :Arc:extensions:filedialogs:processResources NO-SOURCE
> Task :Arc:extensions:filedialogs:classes
> Task :Arc:extensions:filedialogs:jar
> Task :Arc:natives:natives-filedialogs:processResources
> Task :Arc:natives:natives-filedialogs:classes
> Task :Arc:natives:natives-filedialogs:jar
> Task :Arc:extensions:discord:processResources NO-SOURCE
> Task :Arc:extensions:discord:classes
> Task :Arc:extensions:discord:jar
> Task :core:preGen UP-TO-DATE
> Task :core:processResources NO-SOURCE
> Task :desktop:clearCache
> Task :desktop:processResources NO-SOURCE
> Task :tools:clearCache
> Task :tools:processResources NO-SOURCE
> Task :core:kaptKotlin
> Task :core:compileKotlin SKIPPED
> Task :core:compileJava
Note: Some input files use unchecked or unsafe operations.
Note: Recompile with -Xlint:unchecked for details.

> Task :core:classes
> Task :core:jar
> Task :desktop:compileJava

> Task :tools:compileJava
Note: Some input files use unchecked or unsafe operations.
Note: Recompile with -Xlint:unchecked for details.

> Task :tools:classes

> Task :tools:pack
[1m[93m[Generator][96m Time to generate [95mautotiles[96m: [92m46.533916[96mms[0m
[1m[93m[Generator][96m Time to generate [95msplashes[96m: [92m39.717583[96mms[0m
[1m[93m[Generator][96m Time to generate [95mbubbles[96m: [92m34.506668[96mms[0m
[1m[93m[Generator][96m Time to generate [95mgas-frames[96m: [92m290.25143[96mms[0m
[1m[93m[Generator][96m Time to generate [95mcliffs[96m: [92m1995.5627[96mms[0m
[1m[93m[Generator][96m Time to generate [95mcracks[96m: [92m341.45807[96mms[0m
[1m[93m[Generator][96m Time to generate [95mblock-icons[96m: [92m1176.926[96mms[0m
[1m[93m[Generator][96m Time to generate [95mshallows[96m: [92m11.762292[96mms[0m
[1m[93m[Generator][96m Time to generate [95mitem-icons[96m: [92m53.280293[96mms[0m
[1m[93m[Generator][96m Time to generate [95msector-icons[96m: [92m75.42821[96mms[0m
[1m[93m[Generator][96m Time to generate [95mteam-icons[96m: [92m13.798416[96mms[0m
[1m[93m[Generator][96m Time to generate [95munit-icons[96m: [92m1612.0078[96mms[0m
[1m[93m[Generator][96m Time to generate [95more-icons[96m: [92m103.47479[96mms[0m
[1m[93m[Generator][96m Time to generate [95medges[96m: [92m97.066666[96mms[0m
[1m[93m[Generator][96m Time to generate [95mscorches[96m: [92m663.04987[96mms[0m
[1m[93m[Generator][96m Total time to generate: [92m7272.2905[96mms[0m
Time taken for AA: 8.005 seconds


Packing normal 4096 sprites...


/workspace/repo/core/assets-raw/sprites_out
| Packing................
| Writing 4096x4096: /workspace/repo/core/assets/sprites/sprites.png
/workspace/repo/core/assets-raw/sprites_out/blocks/environment
| Packing................
| Writing 2048x2048: /workspace/repo/core/assets/sprites/sprites2.png
/workspace/repo/core/assets-raw/sprites_out/ui
| Packing................
| Writing 2048x2048: /workspace/repo/core/assets/sprites/sprites3.png
/workspace/repo/core/assets-raw/sprites_out/rubble
| Packing................
| Writing 4096x2048: /workspace/repo/core/assets/sprites/sprites4.png


Packing fallback 2048 sprites...


/workspace/repo/core/assets-raw/sprites_out
| Packing................
| Packing................
| Packing................
| Packing................
| Writing 2048x2048: /workspace/repo/core/assets/sprites/fallback/sprites.png
| Writing 2048x2048: /workspace/repo/core/assets/sprites/fallback/sprites2.png
| Writing 2048x2048: /workspace/repo/core/assets/sprites/fallback/sprites3.png
| Writing 2048x2048: /workspace/repo/core/assets/sprites/fallback/sprites4.png
/workspace/repo/core/assets-raw/sprites_out/blocks/environment
| Packing................
| Writing 2048x2048: /workspace/repo/core/assets/sprites/fallback/sprites5.png
/workspace/repo/core/assets-raw/sprites_out/ui
| Packing................
| Writing 2048x2048: /workspace/repo/core/assets/sprites/fallback/sprites6.png
/workspace/repo/core/assets-raw/sprites_out/rubble
| Packing................
| Packing................
| Writing 2048x2048: /workspace/repo/core/assets/sprites/fallback/sprites7.png
| Writing 2048x2048: /workspace/repo/core/assets/sprites/fallback/sprites8.png

> Task :desktop:dist

[Incubating] Problems report is available at: file:///workspace/repo/build/reports/problems/problems-report.html

Deprecated Gradle features were used in this build, making it incompatible with Gradle 10.

You can use '--warning-mode all' to show the individual deprecation warnings and determine if they come from your own scripts or plugins.

For more on this, please refer to https://docs.gradle.org/9.3.1/userguide/command_line_interface.html#sec:command_line_warnings in the Gradle documentation.

BUILD SUCCESSFUL in 3m 15s
46 actionable tasks: 46 executed
