To honour the JVM settings for this build a single-use Daemon process will be forked. For more on this, please refer to https://docs.gradle.org/9.3.1/userguide/gradle_daemon.html#sec:disabling_the_daemon in the Gradle documentation.
Daemon will be stopped at the end of the build 
No Android SDK found. Skipping Android module.
Local Arc not found. Cloning https://github.com/Anuken/Arc to a directory next to Mindustry is highly recommended, as jitpack is unreliable.

> Configure project :
Compiling with build: 'custom build'

> Task :annotations:clearCache
Caught exception: Couldn't poll for events, error = 4
Error while receiving file changes
net.rubygrapefruit.platform.NativeException: Couldn't poll for events, error = 4
	at org.gradle.fileevents.internal.AbstractNativeFileEventFunctions$NativeFileWatcher.executeRunLoop0(Native Method)
	at org.gradle.fileevents.internal.AbstractNativeFileEventFunctions$NativeFileWatcher.executeRunLoop(AbstractNativeFileEventFunctions.java:32)
	at org.gradle.fileevents.internal.AbstractFileEventFunctions$AbstractFileWatcher$1.run(AbstractFileEventFunctions.java:154)
> Task :annotations:compileJava
> Task :core:clearCache
> Task :core:checkKotlinGradlePluginConfigurationErrors SKIPPED
> Task :annotations:processResources
> Task :annotations:classes
> Task :annotations:jar
> Task :core:kaptGenerateStubsKotlin SKIPPED
> Task :core:preGen UP-TO-DATE
> Task :core:processResources NO-SOURCE
> Task :tests:clearCache
> Task :tests:compileJava NO-SOURCE
> Task :tests:processResources NO-SOURCE
> Task :tests:classes UP-TO-DATE
> Task :tests:processTestResources
> Task :core:kaptKotlin
> Task :core:compileKotlin SKIPPED
> Task :core:compileJava
Note: Some input files use unchecked or unsafe operations.
Note: Recompile with -Xlint:unchecked for details.

> Task :core:classes
> Task :core:jar

> Task :tests:compileTestJava
Note: /workspace/repo/tests/src/test/java/DataAssetTests.java uses unchecked or unsafe operations.
Note: Recompile with -Xlint:unchecked for details.

> Task :tests:testClasses

> Task :tests:test

ReproTargetDummySerializationTest > defaultTeamSavesBeforeFirstUpdate(int) > [1] 0 FAILED
    java.lang.NullPointerException: Cannot read field "id" because "this.unitTeam" is null
        at mindustry.world.blocks.defense.TargetDummy$TargetDummyBuild.write(TargetDummy.java:271)
        at ReproTargetDummySerializationTest.roundTrip(ReproTargetDummySerializationTest.java:28)
        at ReproTargetDummySerializationTest.defaultTeamSavesBeforeFirstUpdate(ReproTargetDummySerializationTest.java:46)

ReproTargetDummySerializationTest > defaultTeamSavesBeforeFirstUpdate(int) > [2] 1 FAILED
    java.lang.NullPointerException: Cannot read field "id" because "this.unitTeam" is null
        at mindustry.world.blocks.defense.TargetDummy$TargetDummyBuild.write(TargetDummy.java:271)
        at ReproTargetDummySerializationTest.roundTrip(ReproTargetDummySerializationTest.java:28)
        at ReproTargetDummySerializationTest.defaultTeamSavesBeforeFirstUpdate(ReproTargetDummySerializationTest.java:46)

ReproTargetDummySerializationTest > defaultTeamSavesBeforeFirstUpdate(int) > [3] 2 FAILED
    java.lang.NullPointerException: Cannot read field "id" because "this.unitTeam" is null
        at mindustry.world.blocks.defense.TargetDummy$TargetDummyBuild.write(TargetDummy.java:271)
        at ReproTargetDummySerializationTest.roundTrip(ReproTargetDummySerializationTest.java:28)
        at ReproTargetDummySerializationTest.defaultTeamSavesBeforeFirstUpdate(ReproTargetDummySerializationTest.java:46)

4 tests completed, 3 failed

> Task :tests:test FAILED

[Incubating] Problems report is available at: file:///workspace/repo/build/reports/problems/problems-report.html

FAILURE: Build failed with an exception.

* What went wrong:
Execution failed for task ':tests:test'.
> There were failing tests. See the report at: file:///workspace/repo/tests/build/reports/tests/test/index.html

* Try:
> Run with --scan to get full insights from a Build Scan (powered by Develocity).

BUILD FAILED in 1m 34s
12 actionable tasks: 12 executed
