Downloading https://services.gradle.org/distributions/gradle-9.3.1-bin.zip
.............10%.............20%.............30%.............40%.............50%.............60%.............70%.............80%.............90%.............100%

Welcome to Gradle 9.3.1!

Here are the highlights of this release:
 - Test reporting improvements
 - Error and warning improvements
 - Build authoring improvements

For more details see https://docs.gradle.org/9.3.1/release-notes.html

To honour the JVM settings for this build a single-use Daemon process will be forked. For more on this, please refer to https://docs.gradle.org/9.3.1/userguide/gradle_daemon.html#sec:disabling_the_daemon in the Gradle documentation.
Daemon will be stopped at the end of the build 
No Android SDK found. Skipping Android module.
Local Arc not found. Cloning https://github.com/Anuken/Arc to a directory next to Mindustry is highly recommended, as jitpack is unreliable.

FAILURE: Build failed with an exception.

* What went wrong:
A problem occurred configuring root project 'repo'.
> Could not resolve all artifacts for configuration 'classpath'.
   > Could not find com.github.Anuken.Arc:packer:7637600c41.
     Searched in the following locations:
       - file:/home/worker/.m2/repository/com/github/Anuken/Arc/packer/7637600c41/packer-7637600c41.pom
       - https://repo.maven.apache.org/maven2/com/github/Anuken/Arc/packer/7637600c41/packer-7637600c41.pom
       - https://dl.google.com/dl/android/maven2/com/github/Anuken/Arc/packer/7637600c41/packer-7637600c41.pom
       - https://jitpack.io/com/github/Anuken/Arc/packer/7637600c41/packer-7637600c41.pom
       - https://plugins.gradle.org/m2/com/github/Anuken/Arc/packer/7637600c41/packer-7637600c41.pom
     Required by:
         buildscript of root project 'repo'
   > Could not find com.github.Anuken.Arc:arc-core:7637600c41.
     Searched in the following locations:
       - file:/home/worker/.m2/repository/com/github/Anuken/Arc/arc-core/7637600c41/arc-core-7637600c41.pom
       - https://repo.maven.apache.org/maven2/com/github/Anuken/Arc/arc-core/7637600c41/arc-core-7637600c41.pom
       - https://dl.google.com/dl/android/maven2/com/github/Anuken/Arc/arc-core/7637600c41/arc-core-7637600c41.pom
       - https://jitpack.io/com/github/Anuken/Arc/arc-core/7637600c41/arc-core-7637600c41.pom
       - https://plugins.gradle.org/m2/com/github/Anuken/Arc/arc-core/7637600c41/arc-core-7637600c41.pom
     Required by:
         buildscript of root project 'repo'

* Try:
> Run with --stacktrace option to get the stack trace.
> Run with --info or --debug option to get more log output.
> Run with --scan to get full insights from a Build Scan (powered by Develocity).
> Get more help at https://help.gradle.org.

BUILD FAILED in 28s
